[mourithemes.com/mason/mason/index-particles.html]
[backblue.gif]
[fade.gif]
[index.html]
[mourithemes.com/mason/mason/favicon/apple-icon-57x57.png]
[mourithemes.com/mason/mason/favicon/apple-icon-60x60.png]
[mourithemes.com/mason/mason/favicon/apple-icon-72x72.png]
[mourithemes.com/mason/mason/favicon/apple-icon-76x76.png]
[mourithemes.com/mason/mason/favicon/apple-icon-114x114.png]
[mourithemes.com/mason/mason/favicon/apple-icon-120x120.png]
[mourithemes.com/mason/mason/favicon/apple-icon-144x144.png]
[mourithemes.com/mason/mason/favicon/apple-icon-152x152.png]
[mourithemes.com/mason/mason/favicon/apple-icon-180x180.png]
[mourithemes.com/mason/mason/favicon/android-icon-192x192.png]
[mourithemes.com/mason/mason/favicon/favicon-32x32.png]
[mourithemes.com/mason/mason/favicon/favicon-96x96.png]
[mourithemes.com/mason/mason/favicon/favicon-16x16.png]
[mourithemes.com/mason/mason/favicon/manifest.json]
[mourithemes.com/mason/mason/favicon/ms-icon-144x144.png]
[mourithemes.com/mason/mason/index.html]
[mourithemes.com/mason/mason/images/about/demo-cv.jpg]
[mourithemes.com/mason/mason/images/about/about-1.jpg]
[mourithemes.com/mason/mason/images/portfolio/port1.jpg]
[mourithemes.com/mason/mason/images/portfolio/port2.jpg]
[mourithemes.com/mason/mason/images/portfolio/port3.jpg]
[mourithemes.com/mason/mason/images/portfolio/port4.jpg]
[mourithemes.com/mason/mason/images/portfolio/port5.jpg]
[mourithemes.com/mason/mason/images/portfolio/port6.jpg]
[mourithemes.com/mason/mason/images/testimonial/testi-1.jpg]
[mourithemes.com/mason/mason/images/testimonial/testi-2.jpg]
[mourithemes.com/mason/mason/images/testimonial/testi-3.jpg]
[mourithemes.com/mason/mason/images/brand/brand-1.png]
[mourithemes.com/mason/mason/images/brand/brand-2.png]
[mourithemes.com/mason/mason/images/brand/brand-3.png]
[mourithemes.com/mason/mason/images/brand/brand-4.png]
[mourithemes.com/mason/mason/js/jquery-3.2.1.min.js]
[mourithemes.com/mason/mason/js/bootstrap.min.js]
[mourithemes.com/mason/mason/js/jquery.magnific-popup.js]
[mourithemes.com/mason/mason/js/owl.carousel.js]
[mourithemes.com/mason/mason/js/wow.min.js]
[mourithemes.com/mason/mason/js/jquery.animatedheadline.js]
[mourithemes.com/mason/mason/js/custom.js]
[mourithemes.com/mason/mason/js/jquery.waypoints.js]
[mourithemes.com/mason/mason/js/jquery.counterup.min.js]
[mourithemes.com/mason/mason/js/particles.js]
[mourithemes.com/mason/mason/js/app.js]
[mourithemes.com/mason/mason/js/validator.js]
[mourithemes.com/mason/mason/js/contact.js]
[mourithemes.com/mason/mason/js/main.js]
[mourithemes.com/mason/mason/index-particles.html]
[mourithemes.com/mason/mason/fonts/fontawesome-webfont3e6e.eot]
[mourithemes.com/mason/mason/fonts/fontawesome-webfontd41d.eot]
[mourithemes.com/mason/mason/fonts/fontawesome-webfont3e6e.woff2]
[mourithemes.com/mason/mason/fonts/fontawesome-webfont3e6e.woff]
[mourithemes.com/mason/mason/fonts/fontawesome-webfont3e6e.ttf]
[mourithemes.com/mason/mason/css/font-awesome.min.css]
[mourithemes.com/mason/mason/fonts/glyphicons-halflings-regular.eot]
[mourithemes.com/mason/mason/fonts/glyphicons-halflings-regulard41d.eot]
[mourithemes.com/mason/mason/fonts/glyphicons-halflings-regular.woff2]
[mourithemes.com/mason/mason/fonts/glyphicons-halflings-regular.woff]
[mourithemes.com/mason/mason/fonts/glyphicons-halflings-regular.ttf]
[mourithemes.com/mason/mason/css/bootstrap.min.css]
[mourithemes.com/mason/mason/css/jquery.animatedheadline.css]
[mourithemes.com/mason/mason/css/animate.css]
[mourithemes.com/mason/mason/css/owl.carousel.css]
[mourithemes.com/mason/mason/css/owl.theme.default.css]
[mourithemes.com/mason/mason/css/magnific-popup.css]
[mourithemes.com/mason/mason/css/normalize.css]
[mourithemes.com/mason/mason/images/home/home-bg-2.jpg]
[mourithemes.com/mason/mason/images/testimonial/testi-bg.jpg]
[mourithemes.com/mason/mason/css/style.css]
[mourithemes.com/mason/mason/css/responsive.css]
[mourithemes.com/mason/mason/index.html]
[mourithemes.com/mason/mason/fonts/fontawesome-webfont3e6e.svg]
[mourithemes.com/mason/mason/fonts/glyphicons-halflings-regular.svg]
[mourithemes.com/mason/mason/css/owl.video.play.html]
